// Jest Snapshot v1, https://goo.gl/fbAQLP

exports[`App Snapshot renders 1`] = `
<div>
  <h1>
    My Counter
  </h1>
  <p>
    0
  </p>
  <button
    onClick={[Function]}
    type="button"
  >
    Increment
  </button>
  <button
    onClick={[Function]}
    type="button"
  >
    Decrement
  </button>
  <ul>
    <li
      className="list"
    >
      Angular
    </li>
    <li
      className="list"
    >
      React
    </li>
  </ul>
  <form>
    <label
      htmlFor="name"
    >
      Name
    </label>
    <input
      id="name"
      placeholder="Your name here"
      type="text"
    />
  </form>
</div>
`;

exports[`App snapshot renders 1`] = `
<div>
  <h1>
    My Counter
  </h1>
  <p>
    0
  </p>
  <button
    onClick={[Function]}
    type="button"
  >
    Increment
  </button>
  <button
    onClick={[Function]}
    type="button"
  >
    Decrement
  </button>
  <ul>
    <li
      className="list"
    >
      Angular
    </li>
    <li
      className="list"
    >
      React
    </li>
  </ul>
  <form>
    <label
      htmlFor="name"
    >
      Name
    </label>
    <input
      id="name"
      placeholder="Your name here"
      type="text"
    />
  </form>
</div>
`;

exports[`App snapshot renders 2`] = `
<div>
  <h1>
    My Counter
  </h1>
  <p>
    0
  </p>
  <button
    onClick={[Function]}
    type="button"
  >
    Increment
  </button>
  <button
    onClick={[Function]}
    type="button"
  >
    Decrement
  </button>
  <ul>
    <li
      className="list"
    >
      Angular
    </li>
    <li
      className="list"
    >
      React
    </li>
  </ul>
  <form>
    <label
      htmlFor="name"
    >
      Name
    </label>
    <input
      id="name"
      placeholder="Your name here"
      type="text"
    />
  </form>
</div>
`;

exports[`Counter Snapshot renders 1`] = `
<p>
  1
</p>
`;

exports[`Counter snapshot renders 1`] = `
<div>
  <h1>
    My Counter
  </h1>
  <p>
    0
  </p>
  <button
    onClick={[Function]}
    type="button"
  >
    Increment
  </button>
  <button
    onClick={[Function]}
    type="button"
  >
    Decrement
  </button>
  <ul>
    <li
      className="list"
    >
      Angular
    </li>
    <li
      className="list"
    >
      React
    </li>
  </ul>
  <form>
    <label
      htmlFor="name"
    >
      Name
    </label>
    <input
      id="name"
      placeholder="Your name here"
      type="text"
    />
  </form>
</div>
`;
